// Jest Snapshot v1, https://goo.gl/fbAQLP

exports[`Should load RestaurantCard Component with withPromotedLabel 1`] = `
<body>
  <div />
</body>
`;
